
/home/runner/work/exp-venturi-meter-iitk/exp-venturi-meter-iitk/experiment/simulation/js/calculation.js
   19:5   warning  't19' is assigned a value but never used     no-unused-vars
   20:5   warning  't20' is assigned a value but never used     no-unused-vars
   21:5   warning  't21' is assigned a value but never used     no-unused-vars
   22:5   warning  't22' is assigned a value but never used     no-unused-vars
   23:5   warning  't23' is assigned a value but never used     no-unused-vars
   24:5   warning  't24' is assigned a value but never used     no-unused-vars
   25:5   warning  't25' is assigned a value but never used     no-unused-vars
   48:10  warning  'calculate' is defined but never used        no-unused-vars
   68:10  warning  'checkYourResult' is defined but never used  no-unused-vars
  227:9   warning  'confetti' is not defined                    no-undef
  243:10  warning  'exportToExcel' is defined but never used    no-unused-vars
  244:14  warning  'XLSX' is not defined                        no-undef
  261:28  warning  'XLSX' is not defined                        no-undef
  262:5   warning  'XLSX' is not defined                        no-undef
  265:9   warning  'observationTable' is already defined        no-redeclare
  266:9   warning  'observationSheetData' is already defined    no-redeclare
  267:9   warning  'observationRows' is already defined         no-redeclare
  279:9   warning  'observationSheet' is already defined        no-redeclare
  279:28  warning  'XLSX' is not defined                        no-undef
  280:5   warning  'XLSX' is not defined                        no-undef
  297:28  warning  'XLSX' is not defined                        no-undef
  298:5   warning  'XLSX' is not defined                        no-undef
  301:5   warning  'XLSX' is not defined                        no-undef

/home/runner/work/exp-venturi-meter-iitk/exp-venturi-meter-iitk/experiment/simulation/js/main.js
    7:5   warning  'svg' is assigned a value but never used            no-unused-vars
    9:5   warning  'manometerText' is assigned a value but never used  no-unused-vars
   51:5   warning  'svgContainer1' is assigned a value but never used  no-unused-vars
   63:10  warning  'stopAnimation' is defined but never used           no-unused-vars
   70:10  warning  'power' is defined but never used                   no-unused-vars
  508:10  warning  'purzeAction' is defined but never used             no-unused-vars
  608:10  warning  'updateValvePositioning' is defined but never used  no-unused-vars

✖ 30 problems (0 errors, 30 warnings)

